ESP-ROM:esp32s3-20210327
Build:Mar 27 2021
rst:0x1 (POWERON),boot:0x8 (SPI_FAST_FLASH_BOOT)
SPIWP:0xee
mode:DIO, clock div:1
load:0x3fce3808,len:0x4bc
load:0x403c9700,len:0xbd8
load:0x403cc700,len:0x2a0c
entry 0x403c98d0

=== ESP32-S3 BASIC SMOKE TEST ===
chip=ESP32-S3 revision=0 cores=2 cpu_mhz=240
flash_bytes=8388608 flash_speed_hz=80000000
heap_bytes=330196 psram_bytes=8386279 free_psram_bytes=8386035
[PASS] CHIP_ESP32_S3
[PASS] FLASH_SIZE_8MB
[PASS] PSRAM_PATTERN_1MB
[PASS] WIFI_SCAN networks=37 strongest_rssi=-29_dBm
[PASS] BLE_STACK_INIT
SUMMARY chip=PASS flash=PASS psram=PASS wifi=PASS ble=PASS
RESULT=PASS
Heartbeat follows every 2 seconds.
HEARTBEAT 1 uptime_ms=9513 free_heap=289408
HEARTBEAT 2 uptime_ms=11524 free_heap=289400
HEARTBEAT 3 uptime_ms=13524 free_heap=289400

